// Jest Snapshot v1, https://goo.gl/fbAQLP

exports[`Post Feed Testing renders without crashing Post div 1`] = `<Theme />`;
